mvn : WARNING: A restricted method in java.lang.System has been called
Au caractère Ligne:1 : 1
+ mvn compile -pl jscience-natural -am > build_output.txt 2>&1
+ ~~~~~~~~~~~~~~~~~~~~~~~~~~~~~~~~~~~~~~~~~~~~~~~~~~~~~~~~~~~~
    + CategoryInfo          : NotSpecified: (WARNING: A rest...has been called:String) [], RemoteException
    + FullyQualifiedErrorId : NativeCommandError
 
WARNING: java.lang.System::load has been called by org.fusesource.jansi.internal.JansiLoader in an unnamed module 
(file:/C:/Program%20Files/Apache/Maven/apache-maven-3.9.5/lib/jansi-2.4.0.jar)
WARNING: Use --enable-native-access=ALL-UNNAMED to avoid a warning for callers in this module
WARNING: Restricted methods will be blocked in a future release unless native access is enabled

WARNING: A terminally deprecated method in sun.misc.Unsafe has been called
WARNING: sun.misc.Unsafe::objectFieldOffset has been called by 
com.google.common.util.concurrent.AbstractFuture$UnsafeAtomicHelper 
(file:/C:/Program%20Files/Apache/Maven/apache-maven-3.9.5/lib/guava-32.0.1-jre.jar)
WARNING: Please consider reporting this to the maintainers of class 
com.google.common.util.concurrent.AbstractFuture$UnsafeAtomicHelper
WARNING: sun.misc.Unsafe::objectFieldOffset will be removed in a future release
[INFO] Scanning for projects...
[WARNING] 
[WARNING] Some problems were encountered while building the effective model for org.jscience:jscience-natural:jar:1.0.0-SNAPSHOT
[WARNING] 'dependencies.dependency.systemPath' for com.github.studygameengines:java-fbx-loader:jar should not point at files within the project directory, ${project.basedir}/../launchers/lib/java-fbx-loader-v1.0.jar will be unresolvable by dependent projects @ line 72, column 25
[WARNING] 
[WARNING] It is highly recommended to fix these problems because they threaten the stability of your build.
[WARNING] 
[WARNING] For this reason, future Maven versions might no longer support building such malformed projects.
[WARNING] 
[INFO] ------------------------------------------------------------------------
[INFO] Reactor Build Order:
[INFO] 
[INFO] JScience Unifying Parent                                           [pom]
[INFO] JScience Core Engine                                               [jar]
[INFO] JScience Natural                                                   [jar]
[INFO] 
[INFO] --------------------< org.jscience:jscience-parent >--------------------
[INFO] Building JScience Unifying Parent 1.0.0-SNAPSHOT                   [1/3]
[INFO]   from pom.xml
[INFO] --------------------------------[ pom ]---------------------------------
[INFO] 
[INFO] --- jacoco:0.8.12:prepare-agent (prepare-agent) @ jscience-parent ---
[INFO] argLine set to -javaagent:C:\\Users\\silve\\.m2\\repository\\org\\jacoco\\org.jacoco.agent\\0.8.12\\org.jacoco.agent-0.8.12-runtime.jar=destfile=C:\\Silvere\\Encours\\Developpement\\JScience\\target\\jacoco.exec,includes=org/jscience/**,excludes=com/sun/**:sun/**:jdk/**:java/**
[INFO] 
[INFO] ---------------------< org.jscience:jscience-core >---------------------
[INFO] Building JScience Core Engine 1.0.0-SNAPSHOT                       [2/3]
[INFO]   from jscience-core\pom.xml
[INFO] --------------------------------[ jar ]---------------------------------
[INFO] 
[INFO] --- jacoco:0.8.12:prepare-agent (prepare-agent) @ jscience-core ---
[INFO] argLine set to -javaagent:C:\\Users\\silve\\.m2\\repository\\org\\jacoco\\org.jacoco.agent\\0.8.12\\org.jacoco.agent-0.8.12-runtime.jar=destfile=C:\\Silvere\\Encours\\Developpement\\JScience\\jscience-core\\target\\jacoco.exec,includes=org/jscience/**,excludes=com/sun/**:sun/**:jdk/**:java/**
[INFO] 
[INFO] --- os:1.7.1:detect (default) @ jscience-core ---
[INFO] ------------------------------------------------------------------------
[INFO] Detecting the operating system and CPU architecture
[INFO] ------------------------------------------------------------------------
[INFO] os.detected.name: windows
[INFO] os.detected.arch: x86_64
[INFO] os.detected.bitness: 64
[INFO] os.detected.version: 10.0
[INFO] os.detected.version.major: 10
[INFO] os.detected.version.minor: 0
[INFO] os.detected.classifier: windows-x86_64
[INFO] 
[INFO] --- resources:3.3.1:resources (default-resources) @ jscience-core ---
[INFO] Copying 40 resources from src\main\resources to target\classes
[INFO] Copying 0 resource from src\main\resources to target\classes
[INFO] The encoding used to copy filtered properties files have not been set. This means that the same encoding will be used to copy filtered properties files as when copying other filtered resources. This might not be what you want! Run your build with --debug to see which files might be affected. Read more at https://maven.apache.org/plugins/maven-resources-plugin/examples/filtering-properties-files.html
[INFO] 
[INFO] --- compiler:3.11.0:compile (default-compile) @ jscience-core ---
[INFO] Nothing to compile - all classes are up to date
[INFO] 
[INFO] -------------------< org.jscience:jscience-natural >--------------------
[INFO] Building JScience Natural 1.0.0-SNAPSHOT                           [3/3]
[INFO]   from jscience-natural\pom.xml
[INFO] --------------------------------[ jar ]---------------------------------
[INFO] 
[INFO] --- jacoco:0.8.12:prepare-agent (prepare-agent) @ jscience-natural ---
[INFO] argLine set to -javaagent:C:\\Users\\silve\\.m2\\repository\\org\\jacoco\\org.jacoco.agent\\0.8.12\\org.jacoco.agent-0.8.12-runtime.jar=destfile=C:\\Silvere\\Encours\\Developpement\\JScience\\jscience-natural\\target\\jacoco.exec,includes=org/jscience/**,excludes=com/sun/**:sun/**:jdk/**:java/**
[INFO] 
[INFO] --- resources:3.3.1:resources (default-resources) @ jscience-natural ---
[INFO] Copying 4798 resources from src\main\resources to target\classes
[INFO] Copying 27 resources from src\main\resources to target\classes
[INFO] The encoding used to copy filtered properties files have not been set. This means that the same encoding will be used to copy filtered properties files as when copying other filtered resources. This might not be what you want! Run your build with --debug to see which files might be affected. Read more at https://maven.apache.org/plugins/maven-resources-plugin/examples/filtering-properties-files.html
[INFO] 
[INFO] --- compiler:3.11.0:compile (default-compile) @ jscience-natural ---
[INFO] Changes detected - recompiling the module! :source
[INFO] Compiling 574 source files with javac [debug release 21] to target\classes
[INFO] -------------------------------------------------------------
[WARNING] COMPILATION WARNING : 
[INFO] -------------------------------------------------------------
[WARNING] using incubating module(s): jdk.incubator.vector
[INFO] 1 warning
[INFO] -------------------------------------------------------------
[INFO] -------------------------------------------------------------
[ERROR] COMPILATION ERROR : 
[INFO] -------------------------------------------------------------
[ERROR] /C:/Silvere/Encours/Developpement/JScience/jscience-natural/src/main/java/org/jscience/ui/viewers/biology/genetics/GeneticsViewer.java:[90,44] cannot find symbol
  symbol:   variable mendelTab
  location: class org.jscience.ui.viewers.biology.genetics.GeneticsViewer
[ERROR] /C:/Silvere/Encours/Developpement/JScience/jscience-natural/src/main/java/org/jscience/ui/viewers/physics/classical/waves/electromagnetism/circuit/CircuitSimulatorViewer.java:[435,62] cannot find symbol
  symbol:   method of(org.jscience.mathematics.numbers.real.Real[][])
  location: interface org.jscience.mathematics.linearalgebra.Matrix
[ERROR] /C:/Silvere/Encours/Developpement/JScience/jscience-natural/src/main/java/org/jscience/ui/viewers/physics/classical/waves/electromagnetism/circuit/CircuitSimulatorViewer.java:[437,62] cannot find symbol
  symbol:   method of(org.jscience.mathematics.numbers.real.Real[])
  location: interface org.jscience.mathematics.linearalgebra.Vector
[ERROR] /C:/Silvere/Encours/Developpement/JScience/jscience-natural/src/main/java/org/jscience/ui/viewers/physics/classical/waves/electromagnetism/circuit/CircuitSimulatorViewer.java:[439,108] cannot find symbol
  symbol:   method solve(org.jscience.mathematics.linearalgebra.Vector<org.jscience.mathematics.numbers.real.Real>)
  location: variable G of type org.jscience.mathematics.linearalgebra.Matrix<org.jscience.mathematics.numbers.real.Real>
[INFO] 4 errors 
[INFO] -------------------------------------------------------------
[INFO] ------------------------------------------------------------------------
[INFO] Reactor Summary for JScience Unifying Parent 1.0.0-SNAPSHOT:
[INFO] 
[INFO] JScience Unifying Parent ........................... SUCCESS [  0.556 s]
[INFO] JScience Core Engine ............................... SUCCESS [  9.816 s]
[INFO] JScience Natural ................................... FAILURE [01:40 min]
[INFO] ------------------------------------------------------------------------
[INFO] BUILD FAILURE
[INFO] ------------------------------------------------------------------------
[INFO] Total time:  01:52 min
[INFO] Finished at: 2026-01-15T23:22:17+01:00
[INFO] ------------------------------------------------------------------------
[ERROR] Failed to execute goal org.apache.maven.plugins:maven-compiler-plugin:3.11.0:compile (default-compile) on project jscience-natural: Compilation failure: Compilation failure: 
[ERROR] /C:/Silvere/Encours/Developpement/JScience/jscience-natural/src/main/java/org/jscience/ui/viewers/biology/genetics/GeneticsViewer.java:[90,44] cannot find symbol
[ERROR]   symbol:   variable mendelTab
[ERROR]   location: class org.jscience.ui.viewers.biology.genetics.GeneticsViewer
[ERROR] /C:/Silvere/Encours/Developpement/JScience/jscience-natural/src/main/java/org/jscience/ui/viewers/physics/classical/waves/electromagnetism/circuit/CircuitSimulatorViewer.java:[435,62] cannot find symbol
[ERROR]   symbol:   method of(org.jscience.mathematics.numbers.real.Real[][])
[ERROR]   location: interface org.jscience.mathematics.linearalgebra.Matrix
[ERROR] /C:/Silvere/Encours/Developpement/JScience/jscience-natural/src/main/java/org/jscience/ui/viewers/physics/classical/waves/electromagnetism/circuit/CircuitSimulatorViewer.java:[437,62] cannot find symbol
[ERROR]   symbol:   method of(org.jscience.mathematics.numbers.real.Real[])
[ERROR]   location: interface org.jscience.mathematics.linearalgebra.Vector
[ERROR] /C:/Silvere/Encours/Developpement/JScience/jscience-natural/src/main/java/org/jscience/ui/viewers/physics/classical/waves/electromagnetism/circuit/CircuitSimulatorViewer.java:[439,108] cannot find symbol
[ERROR]   symbol:   method solve(org.jscience.mathematics.linearalgebra.Vector<org.jscience.mathematics.numbers.real.Real>)
[ERROR]   location: variable G of type org.jscience.mathematics.linearalgebra.Matrix<org.jscience.mathematics.numbers.real.Real>
[ERROR] -> [Help 1]
[ERROR] 
[ERROR] To see the full stack trace of the errors, re-run Maven with the -e switch.
[ERROR] Re-run Maven using the -X switch to enable full debug logging.
[ERROR] 
[ERROR] For more information about the errors and possible solutions, please read the following articles:
[ERROR] [Help 1] http://cwiki.apache.org/confluence/display/MAVEN/MojoFailureException
[ERROR] 
[ERROR] After correcting the problems, you can resume the build with the command
[ERROR]   mvn <args> -rf :jscience-natural
